[39m[49m─┤Confirm (Enter to accept, Esc to cancel)├─────────────────
[38;2;0;0;0m[48;2;255;255;255m◉ [38;2;0;0;0m[48;2;255;255;255m[4mY[38;2;0;0;0m[48;2;255;255;255m[24mes[39m[49m                                                       
○ [39m[49m[4mN[39m[49m[24mo                                                        
[38;2;255;255;255m[48;2;0;0;0m                                                            
                                                            
                                                            
                                                            
                                                            
                                                            
                                                            
