[39m[49m1 [38;2;212;212;212m[49m{[39m[49m                                                                                                 
2 [38;2;212;212;212m[49m  [38;2;156;220;254m[49m"$schema"[38;2;212;212;212m[49m: [38;2;206;145;120m[49m"]8;;https://gui-cs.github.io/Terminal.Gui/schemas/tui-config-schema.json\https://gui-cs.github.io/Terminal.Gui/schemas/tui-config-schema.json]8;;\"[38;2;212;212;212m[49m,[39m[49m              
3 [38;2;212;212;212m[49m  [38;2;156;220;254m[49m"FileAccessSettings.AllowedPaths"[38;2;212;212;212m[49m: [[39m[49m                                                            
4 [38;2;212;212;212m[49m    [38;2;206;145;120m[49m"C:\\Users\\Tig\\s\\GraphicalTools\\src\\Microsoft.PowerShell.ConsoleGuiTools"[38;2;212;212;212m[49m,[39m[49m               
5 [38;2;212;212;212m[49m    [38;2;206;145;120m[49m"C:\\Users\\Tig\\s\\GraphicalTools"[39m[49m                                                           
6 [38;2;212;212;212m[49m  ][39m[49m                                                                                               
7 [38;2;212;212;212m[49m}[39m[49m                                                                                                 
                                                                                                    
                                                                                                    
                                                                                                    
                                                                                                    
                                                                                                    
                                                                                                    
                                                                                                    
                                                                                                    
                                                                                                    
                                                                                                    
                                                                                                    
                                                                                                    
[38;2;54;69;79m[48;2;173;216;230m[1m [38;2;54;69;79m[48;2;173;216;230m[4mEsc[38;2;54;69;79m[48;2;173;216;230m[24m  Quit │ [38;2;54;69;79m[48;2;173;216;230m[4mCtrl+S[38;2;54;69;79m[48;2;173;216;230m[24m  Save │[38;2;74;95;109m[48;2;173;216;230m Config has errors [38;2;54;69;79m[48;2;173;216;230m│[38;2;74;95;109m[48;2;173;216;230m Ln 1, Col 1 [38;2;54;69;79m[48;2;173;216;230m│                           Default   ▼ 
