[39m[49m─┤Enter a decimal (Enter to accept, Esc to cancel)├─────────
▼[38;2;0;0;0m[48;2;255;255;255m12.5[39m[49m▲                                                      
[38;2;255;255;255m[48;2;0;0;0m                                                            
                                                            
                                                            
                                                            
                                                            
                                                            
                                                            
                                                            
