[38;2;86;156;214m[48;2;30;30;30m[1m# Hello[39m[48;2;30;30;30m[22m                                                                         
                                                                                
This is a test.                                                                 
                                                                                
                                                                                
                                                                                
                                                                                
                                                                                
                                                                                
                                                                                
                                                                                
                                                                                
                                                                                
                                                                                
                                                                                
[38;2;74;95;109m[48;2;173;216;230m[1m ◄ [38;2;54;69;79m[48;2;173;216;230m│[38;2;74;95;109m[48;2;173;216;230m ► [38;2;54;69;79m[48;2;173;216;230m│ [38;2;54;69;79m[48;2;173;216;230m[4mEsc[38;2;54;69;79m[48;2;173;216;230m[24m  Quit │ DarkPlus         ▼ │ ☒ Theme [38;2;54;69;79m[48;2;173;216;230m[4mB[38;2;54;69;79m[48;2;173;216;230m[24mG │[38;2;74;95;109m[48;2;173;216;230m 3 lines [38;2;54;69;79m[48;2;173;216;230m│[38;2;74;95;109m[48;2;173;216;230m 24 B [38;2;54;69;79m[48;2;173;216;230m [38;2;74;95;109m[48;2;173;216;230m(inline)[38;2;54;69;79m[48;2;173;216;230m 
