[39m[49m─┤Select one or more options (Enter to accept, Esc to canc├─
[38;2;0;0;0m[48;2;255;255;255m☒ Apple [39m[49m                                                    
☐ Banana                                                    
☒ Cherry                                                    
[38;2;255;255;255m[48;2;0;0;0m                                                            
                                                            
                                                            
                                                            
                                                            
                                                            
