[39m[49m⟦▲⟧[38;2;0;0;0m[49m▖[39m[49m                                                                            
[38;2;0;0;0m[49m▝▀▀▘[39m[49m                                                                            
┆Filename (▲)│Size      │Modified                      │Type                    
┆[38;2;255;255;255m[48;2;51;51;51m[1m..          [38;2;0;0;0m[48;2;204;204;204m│[38;2;255;255;255m[48;2;51;51;51m          [38;2;0;0;0m[48;2;204;204;204m│[38;2;255;255;255m[48;2;51;51;51m                              [38;2;0;0;0m[48;2;204;204;204m│[38;2;255;255;255m[48;2;51;51;51m<Directory>             
[39m[49m[22m┆[38;2;0;206;209m[49msample.txt  [39m[49m│[38;2;0;206;209m[49m6.00 B    [39m[49m│[38;2;0;206;209m[49m2026-01-02T03:04:05           [39m[49m│[38;2;0;206;209m[49m.txt                    
[39m[49m┆                                                                               
┆                                                                               
┆                                                                               
┆                                                                               
┆                                                                               
┆                                                                               
┆                                                                               
┆                                                                               
┆                                                                               
┆                                                                               
┆                                                                               
┆                                                                               
┆                                                                               
┆                                                                               
┆[38;2;204;204;204m[48;2;128;128;128m[4mF[38;2;204;204;204m[48;2;128;128;128m[24mind[38;2;255;255;255m[48;2;128;128;128m                                                                          [39m[49m 
