[39m[49m─┤Select an option (Enter to accept, Esc to cancel)├────────
[38;2;0;0;0m[48;2;255;255;255m◉ [38;2;0;0;0m[48;2;255;255;255m[4mA[38;2;0;0;0m[48;2;255;255;255m[24mpple [39m[49m                                                    
○ [39m[49m[4mB[39m[49m[24manana                                                    
○ [39m[49m[4mC[39m[49m[24mherry                                                    
[38;2;255;255;255m[48;2;0;0;0m                                                            
                                                            
                                                            
                                                            
                                                            
                                                            
