[39m[49m─┤Enter text (OK to accept, Esc to cancel)├─────────────────
hello                                                       
                                                            
                                                            
                                                            
                                                            
⟦ [39m[49m[4mO[39m[49m[24mK ⟧[38;2;0;0;0m[49m▖[39m[49m                                                     
[38;2;0;0;0m[49m▝▀▀▀▀▀▘[39m[49m                                                     
[38;2;255;255;255m[48;2;0;0;0m                                                            
                                                            
